------------------------------------------------------------
TimeQuest Timing Analyzer Summary
------------------------------------------------------------

Type  : Slow Model Setup 'clk'
Slack : -13.696
TNS   : -1774.602

Type  : Slow Model Setup 'clk_rom'
Slack : -10.605
TNS   : -271.200

Type  : Slow Model Hold 'clk'
Slack : 0.530
TNS   : 0.000

Type  : Slow Model Hold 'clk_rom'
Slack : 0.644
TNS   : 0.000

Type  : Slow Model Minimum Pulse Width 'clk_rom'
Slack : -2.000
TNS   : -345.380

Type  : Slow Model Minimum Pulse Width 'clk'
Slack : -1.627
TNS   : -731.480

Type  : Fast Model Setup 'clk'
Slack : -5.678
TNS   : -719.426

Type  : Fast Model Setup 'clk_rom'
Slack : -4.082
TNS   : -118.572

Type  : Fast Model Hold 'clk'
Slack : 0.245
TNS   : 0.000

Type  : Fast Model Hold 'clk_rom'
Slack : 0.263
TNS   : 0.000

Type  : Fast Model Minimum Pulse Width 'clk_rom'
Slack : -2.000
TNS   : -345.380

Type  : Fast Model Minimum Pulse Width 'clk'
Slack : -1.627
TNS   : -731.480

------------------------------------------------------------
