------------------------------------------------------------
TimeQuest Timing Analyzer Summary
------------------------------------------------------------

Type  : Slow Model Setup 'clk'
Slack : -13.572
TNS   : -1744.458

Type  : Slow Model Setup 'clk_rom'
Slack : -9.960
TNS   : -194.779

Type  : Slow Model Hold 'clk'
Slack : 0.527
TNS   : 0.000

Type  : Slow Model Hold 'clk_rom'
Slack : 0.641
TNS   : 0.000

Type  : Slow Model Minimum Pulse Width 'clk_rom'
Slack : -2.000
TNS   : -329.380

Type  : Slow Model Minimum Pulse Width 'clk'
Slack : -1.627
TNS   : -731.480

Type  : Fast Model Setup 'clk'
Slack : -5.685
TNS   : -733.181

Type  : Fast Model Setup 'clk_rom'
Slack : -3.841
TNS   : -88.448

Type  : Fast Model Hold 'clk'
Slack : 0.242
TNS   : 0.000

Type  : Fast Model Hold 'clk_rom'
Slack : 0.257
TNS   : 0.000

Type  : Fast Model Minimum Pulse Width 'clk_rom'
Slack : -2.000
TNS   : -329.380

Type  : Fast Model Minimum Pulse Width 'clk'
Slack : -1.627
TNS   : -731.480

------------------------------------------------------------
