------------------------------------------------------------
TimeQuest Timing Analyzer Summary
------------------------------------------------------------

Type  : Slow Model Setup 'clk'
Slack : -13.736
TNS   : -1769.018

Type  : Slow Model Setup 'clk_rom'
Slack : -4.110
TNS   : -232.043

Type  : Slow Model Hold 'clk'
Slack : 0.528
TNS   : 0.000

Type  : Slow Model Hold 'clk_rom'
Slack : 1.336
TNS   : 0.000

Type  : Slow Model Minimum Pulse Width 'clk_rom'
Slack : -2.000
TNS   : -345.380

Type  : Slow Model Minimum Pulse Width 'clk'
Slack : -1.627
TNS   : -730.480

Type  : Fast Model Setup 'clk'
Slack : -5.690
TNS   : -743.450

Type  : Fast Model Setup 'clk_rom'
Slack : -1.460
TNS   : -92.780

Type  : Fast Model Hold 'clk'
Slack : 0.242
TNS   : 0.000

Type  : Fast Model Hold 'clk_rom'
Slack : 0.551
TNS   : 0.000

Type  : Fast Model Minimum Pulse Width 'clk_rom'
Slack : -2.000
TNS   : -345.380

Type  : Fast Model Minimum Pulse Width 'clk'
Slack : -1.627
TNS   : -730.480

------------------------------------------------------------
